[DEBUG LAB4]: 	INT	int	1	0
[DEBUG LAB4]: 	ID	a	1	4
ID 0 a
[DEBUG LAB4]: 	SEMICOLON	;	1	5
[DEBUG LAB4]: 	INT	int	3	0
[DEBUG LAB4]: 	ID	main	3	4
ID 1 main
[DEBUG LAB4]: 	LPAREN	(	3	8
[DEBUG LAB4]: 	RPAREN	)	3	9
[DEBUG LAB4]: 	LBRACE	{	4	0
[DEBUG LAB4]: 	INT	int	5	4
[DEBUG LAB4]: 	ID	a	5	8
ID 2 a
[DEBUG LAB4]: 	SEMICOLON	;	5	9
[DEBUG LAB4]: 	ID	a	6	4
ID 2 a
[DEBUG LAB4]: 	ASSIGN	=	6	6
[DEBUG LAB4]: 	NUMBER	15	6	8
[DEBUG LAB4]: 	ADD	+	6	12
[DEBUG LAB4]: 	NUMBER	2	6	14
[DEBUG LAB4]: 	SEMICOLON	;	6	15
[DEBUG LAB4]: 	IF	if	7	4
[DEBUG LAB4]: 	LPAREN	(	7	6
[DEBUG LAB4]: 	ID	a	7	7
ID 2 a
[DEBUG LAB4]: 	LESS	<	7	9
[DEBUG LAB4]: 	NUMBER	5	7	11
[DEBUG LAB4]: 	RPAREN	)	7	12
[DEBUG LAB4]: 	RETURN	return	8	8
[DEBUG LAB4]: 	NUMBER	1	8	15
[DEBUG LAB4]: 	SEMICOLON	;	8	16
[DEBUG LAB4]: 	RETURN	return	9	4
[DEBUG LAB4]: 	NUMBER	0	9	11
[DEBUG LAB4]: 	SEMICOLON	;	9	12
[DEBUG LAB4]: 	RBRACE	}	10	0
